// 同步 ID: 0a2ff57c @ Tue Jul 28 18:13:30 UTC 2026
// 同步 ID: 899769cb @ Wed Jul 29 01:55:32 UTC 2026
// 重构日志: fd76cfc0
// 重构日志: e3dd21ef
// 重构日志: 697d439b
// 重构日志: de8e68a6
// 重构日志: 5d3d5f72
// 同步 ID: bac6b7e9 @ Fri Jul 31 08:31:17 UTC 2026
// 重构日志: 5389c150
// 重构日志: 2bc68357
// 重构日志: 16c8adb0
// 重构日志: 105d125e
// 重构日志: f0237262
// 重构日志: 944b1d91
// 重构日志: 6942d4cc
// 重构日志: a6a686d2
// 重构日志: 66be1250
// 重构日志: 93be531d
// 重构日志: 99a0df27
// 同步 ID: 6fc8f360 @ Wed Aug  5 14:13:19 UTC 2026
// 重构日志: 5472ee76
// 同步 ID: 5de6017b @ Thu Aug  6 08:15:44 UTC 2026
// 同步 ID: 24a5f6bd @ Fri Aug  7 08:44:08 UTC 2026
// 同步 ID: 62f16a01 @ Fri Aug  7 11:46:48 UTC 2026
// 重构日志: 65800172
// 重构日志: 84f0f49e
// 重构日志: d362d34a
// 重构日志: d729a8b4
// 重构日志: eb62150f
// 同步 ID: da0a3e04 @ Sat Aug  8 15:07:41 UTC 2026
